08:12:25 **** Incremental Build of configuration Debug for project 004_inline_exercise_1 ****
make -j8 all 
arm-none-eabi-gcc "../Src/main.c" -mcpu=cortex-m4 -std=gnu11 -g3 -DDEBUG -DSTM32 -DSTM32F407G_DISC1 -DSTM32F4 -DSTM32F407VGTx -c -I../Inc -O0 -ffunction-sections -fdata-sections -Wall -fstack-usage -fcyclomatic-complexity -MMD -MP -MF"Src/main.d" -MT"Src/main.o" --specs=nano.specs -mfloat-abi=soft -mthumb -o "Src/main.o"
arm-none-eabi-gcc -o "004_inline_exercise_1.elf" @"objects.list"   -mcpu=cortex-m4 -T"C:\Users\HP\Desktop\STM32_Course\Cortex_mx\004_inline_exercise_1\STM32F407VGTX_FLASH.ld" --specs=nosys.specs -Wl,-Map="004_inline_exercise_1.map" -Wl,--gc-sections -static --specs=nano.specs -mfloat-abi=soft -mthumb -Wl,--start-group -lc -lm -Wl,--end-group
Finished building target: 004_inline_exercise_1.elf
 
arm-none-eabi-size  004_inline_exercise_1.elf 
arm-none-eabi-objdump -h -S 004_inline_exercise_1.elf  > "004_inline_exercise_1.list"
   text	   data	    bss	    dec	    hex	filename
    664	      8	   1568	   2240	    8c0	004_inline_exercise_1.elf
Finished building: default.size.stdout
 
Finished building: 004_inline_exercise_1.list
 
